---
source: lib/src/complete/fish.rs
expression: "complete_fish(&CompleteOptions\n{\n    usage_bin: \"usage\".to_string(), shell: \"fish\".to_string(), bin:\n    \"mycli\".to_string(), cache_key: None, spec: None, usage_cmd:\n    Some(\"mycli complete --usage\".to_string()), include_bash_completion_lib:\n    false,\n})"
snapshot_kind: text
---
# if "usage" is not installed show an error
if ! command -v usage &> /dev/null
    echo >&2
    echo "Error: usage CLI not found. This is required for completions to work in mycli." >&2
    echo "See https://usage.jdx.dev for more information." >&2
    return 1
end

set _usage_spec_mycli (mycli complete --usage | string collect)
set -l tokens
if commandline -x >/dev/null 2>&1
    complete -xc mycli -a '(usage complete-word --shell fish -s "$_usage_spec_mycli" -- (commandline -xpc) (commandline -t))'
else
    complete -xc mycli -a '(usage complete-word --shell fish -s "$_usage_spec_mycli" -- (commandline -opc) (commandline -t))'
end
