---
source: lib/src/complete/zsh.rs
expression: "complete_zsh(&CompleteOptions\n{\n    shell: \"zsh\".to_string(), bin: \"mycli\".to_string(), cache_key:\n    Some(\"1.2.3\".to_string()), spec: None, usage_cmd:\n    Some(\"mycli complete --usage\".to_string()),\n})"
snapshot_kind: text
---
#compdef mycli
local curcontext="$curcontext"

# caching config
_usage_mycli_cache_policy() {
  if [[ -z "${lifetime}" ]]; then
    lifetime=$((60*60*4)) # 4 hours
  fi
  local -a oldp
  oldp=( "$1"(Nms+${lifetime}) )
  (( $#oldp ))
}

_mycli() {
  typeset -A opt_args
  local curcontext="$curcontext" spec cache_policy

  if ! command -v usage &> /dev/null; then
      echo >&2
      echo "Error: usage CLI not found. This is required for completions to work in mycli." >&2
      echo "See https://usage.jdx.dev for more information." >&2
      return 1
  fi

  zstyle -s ":completion:${curcontext}:" cache-policy cache_policy
  if [[ -z $cache_policy ]]; then
    zstyle ":completion:${curcontext}:" cache-policy _usage_mycli_cache_policy
  fi

  if ( [[ -z "${_usage_spec_mycli_1_2_3:-}" ]] || _cache_invalid _usage_spec_mycli_1_2_3 ) \
      && ! _retrieve_cache _usage_spec_mycli_1_2_3;
  then
    spec="$(mycli complete --usage)"
    _store_cache _usage_spec_mycli_1_2_3 spec
  fi

  _arguments "*: :(($(usage complete-word --shell zsh -s "$spec" -- "${words[@]}" )))"
  return 0
}

if [ "$funcstack[1]" = "_mycli" ]; then
    _mycli "$@"
else
    compdef _mycli mycli
fi

# vim: noet ci pi sts=0 sw=4 ts=4
